Check to see if it's ignored in GitHub Desktop
